// Jest Snapshot v1, https://goo.gl/fbAQLP

exports[`Drawer should render correctly 1`] = `
<DocumentFragment>
  <div
    class="react-navigation__drawer left"
    data-testid="drawer"
  >
    <ul>
      <li>
        <a
          href="/lorem"
        >
          Lorem
        </a>
      </li>
      <li>
        <a
          href="/ipsum"
        >
          Ipsum
        </a>
      </li>
    </ul>
  </div>
</DocumentFragment>
`;
